2026-08-19 16:31:23,585 INFO o.a.j.u.JMeterUtils: Setting Locale to en_EN
2026-08-19 16:31:23,603 INFO o.a.j.JMeter: Loading user properties from: C:\ApacheJMeter\apache-jmeter-5.6.3\bin\user.properties
2026-08-19 16:31:23,603 INFO o.a.j.JMeter: Loading system properties from: C:\ApacheJMeter\apache-jmeter-5.6.3\bin\system.properties
2026-08-19 16:31:23,609 INFO o.a.j.JMeter: Copyright (c) 1998-2024 The Apache Software Foundation
2026-08-19 16:31:23,609 INFO o.a.j.JMeter: Version 5.6.3
2026-08-19 16:31:23,609 INFO o.a.j.JMeter: java.version=26.0.2
2026-08-19 16:31:23,609 INFO o.a.j.JMeter: java.vm.name=Java HotSpot(TM) 64-Bit Server VM
2026-08-19 16:31:23,610 INFO o.a.j.JMeter: os.name=Windows 11
2026-08-19 16:31:23,610 INFO o.a.j.JMeter: os.arch=amd64
2026-08-19 16:31:23,610 INFO o.a.j.JMeter: os.version=10.0
2026-08-19 16:31:23,610 INFO o.a.j.JMeter: file.encoding=UTF-8
2026-08-19 16:31:23,610 INFO o.a.j.JMeter: java.awt.headless=true
2026-08-19 16:31:23,610 INFO o.a.j.JMeter: Max memory     =1073741824
2026-08-19 16:31:23,610 INFO o.a.j.JMeter: Available Processors =8
2026-08-19 16:31:23,622 INFO o.a.j.JMeter: Default Locale=English (EN)
2026-08-19 16:31:23,623 INFO o.a.j.JMeter: JMeter  Locale=English (EN)
2026-08-19 16:31:23,623 INFO o.a.j.JMeter: JMeterHome=C:\ApacheJMeter\apache-jmeter-5.6.3
2026-08-19 16:31:23,623 INFO o.a.j.JMeter: user.dir  =C:\JMeter Practice\NonGUI
2026-08-19 16:31:23,624 INFO o.a.j.JMeter: PWD       =C:\JMeter Practice\NonGUI
2026-08-19 16:31:23,625 INFO o.a.j.JMeter: IP: 10.40.5.90 Name: DESKTOP-MOE2PUL FullName: DESKTOP-MOE2PUL
2026-08-19 16:31:23,635 INFO o.a.j.s.FileServer: Default base='C:\JMeter Practice\NonGUI'
2026-08-19 16:31:23,636 INFO o.a.j.s.FileServer: Set new base='C:\JMeter Practice\NonGUI'
2026-08-19 16:31:23,861 INFO o.a.j.s.SaveService: Testplan (JMX) version: 2.2. Testlog (JTL) version: 2.2
2026-08-19 16:31:23,880 INFO o.a.j.s.SaveService: Using SaveService properties version 5.0
2026-08-19 16:31:23,883 INFO o.a.j.s.SaveService: Using SaveService properties file encoding UTF-8
2026-08-19 16:31:23,885 INFO o.a.j.s.SaveService: Loading file: NonGUI.jmx
2026-08-19 16:31:23,928 INFO o.a.j.p.h.s.HTTPSamplerBase: Parser for text/html is org.apache.jmeter.protocol.http.parser.LagartoBasedHtmlParser
2026-08-19 16:31:23,928 INFO o.a.j.p.h.s.HTTPSamplerBase: Parser for application/xhtml+xml is org.apache.jmeter.protocol.http.parser.LagartoBasedHtmlParser
2026-08-19 16:31:23,928 INFO o.a.j.p.h.s.HTTPSamplerBase: Parser for application/xml is org.apache.jmeter.protocol.http.parser.LagartoBasedHtmlParser
2026-08-19 16:31:23,928 INFO o.a.j.p.h.s.HTTPSamplerBase: Parser for text/xml is org.apache.jmeter.protocol.http.parser.LagartoBasedHtmlParser
2026-08-19 16:31:23,928 INFO o.a.j.p.h.s.HTTPSamplerBase: Parser for text/vnd.wap.wml is org.apache.jmeter.protocol.http.parser.RegexpHTMLParser
2026-08-19 16:31:23,928 INFO o.a.j.p.h.s.HTTPSamplerBase: Parser for text/css is org.apache.jmeter.protocol.http.parser.CssParser
2026-08-19 16:31:23,936 INFO o.a.j.JMeter: Creating summariser <summary>
2026-08-19 16:31:23,956 INFO o.a.j.e.StandardJMeterEngine: Running the test!
2026-08-19 16:31:23,957 INFO o.a.j.s.SampleEvent: List of sample_variables: []
2026-08-19 16:31:23,957 INFO o.a.j.s.SampleEvent: List of sample_variables: []
2026-08-19 16:31:23,961 INFO o.a.j.e.u.CompoundVariable: Note: Function class names must contain the string: '.functions.'
2026-08-19 16:31:23,961 INFO o.a.j.e.u.CompoundVariable: Note: Function class names must not contain the string: '.gui.'
2026-08-19 16:31:24,036 INFO o.a.j.JMeter: Running test (1787137284036)
2026-08-19 16:31:24,061 INFO o.a.j.e.StandardJMeterEngine: Starting ThreadGroup: 1 : EasyCalculation
2026-08-19 16:31:24,061 INFO o.a.j.e.StandardJMeterEngine: Starting 10 threads for group EasyCalculation.
2026-08-19 16:31:24,061 INFO o.a.j.e.StandardJMeterEngine: Thread will continue on error
2026-08-19 16:31:24,062 INFO o.a.j.t.ThreadGroup: Starting thread group... number=1 threads=10 ramp-up=1 delayedStart=false
2026-08-19 16:31:24,069 INFO o.a.j.t.JMeterThread: Thread started: EasyCalculation 1-1
2026-08-19 16:31:24,071 INFO o.a.j.t.ThreadGroup: Started thread group number 1
2026-08-19 16:31:24,071 INFO o.a.j.e.StandardJMeterEngine: All thread groups have been started
2026-08-19 16:31:24,082 INFO o.a.j.p.h.s.HTTPHCAbstractImpl: Local host = DESKTOP-MOE2PUL
2026-08-19 16:31:24,087 INFO o.a.j.p.h.s.HTTPHC4Impl: HTTP request retry count = 0
2026-08-19 16:31:24,088 INFO o.a.j.s.SampleResult: Note: Sample TimeStamps are START times
2026-08-19 16:31:24,089 INFO o.a.j.s.SampleResult: sampleresult.default.encoding is set to UTF-8
2026-08-19 16:31:24,089 INFO o.a.j.s.SampleResult: sampleresult.useNanoTime=true
2026-08-19 16:31:24,089 INFO o.a.j.s.SampleResult: sampleresult.nanoThreadSleep=5000
2026-08-19 16:31:24,148 INFO o.a.j.p.h.s.h.LazyLayeredConnectionSocketFactory: Setting up HTTPS TrustAll Socket Factory
2026-08-19 16:31:24,152 INFO o.a.j.u.JsseSSLManager: Using default SSL protocol: TLS
2026-08-19 16:31:24,152 INFO o.a.j.u.JsseSSLManager: SSL session context: per-thread
2026-08-19 16:31:24,166 INFO o.a.j.t.JMeterThread: Thread started: EasyCalculation 1-2
2026-08-19 16:31:24,265 INFO o.a.j.t.JMeterThread: Thread started: EasyCalculation 1-3
2026-08-19 16:31:24,365 INFO o.a.j.t.JMeterThread: Thread started: EasyCalculation 1-4
2026-08-19 16:31:24,438 INFO o.a.j.u.SSLManager: JmeterKeyStore Location:  type JKS
2026-08-19 16:31:24,441 INFO o.a.j.u.SSLManager: KeyStore created OK
2026-08-19 16:31:24,441 WARN o.a.j.u.SSLManager: Keystore file not found, loading empty keystore
2026-08-19 16:31:24,464 INFO o.a.j.t.JMeterThread: Thread started: EasyCalculation 1-5
2026-08-19 16:31:24,564 INFO o.a.j.t.JMeterThread: Thread started: EasyCalculation 1-6
2026-08-19 16:31:24,664 INFO o.a.j.t.JMeterThread: Thread started: EasyCalculation 1-7
2026-08-19 16:31:24,765 INFO o.a.j.t.JMeterThread: Thread started: EasyCalculation 1-8
2026-08-19 16:31:24,863 INFO o.a.j.t.JMeterThread: Thread started: EasyCalculation 1-9
2026-08-19 16:31:24,963 INFO o.a.j.t.JMeterThread: Thread started: EasyCalculation 1-10
2026-08-19 16:31:30,013 INFO o.a.j.r.Summariser: summary +     24 in 00:00:06 =    4.0/s Avg:  1922 Min:   734 Max:  3446 Err:     0 (0.00%) Active: 10 Started: 10 Finished: 0
2026-08-19 16:31:49,492 INFO o.a.j.t.JMeterThread: Thread is done: EasyCalculation 1-4
2026-08-19 16:31:49,493 INFO o.a.j.t.JMeterThread: Thread finished: EasyCalculation 1-4
2026-08-19 16:31:50,767 INFO o.a.j.t.JMeterThread: Thread is done: EasyCalculation 1-1
2026-08-19 16:31:50,767 INFO o.a.j.t.JMeterThread: Thread finished: EasyCalculation 1-1
2026-08-19 16:31:51,875 INFO o.a.j.t.JMeterThread: Thread is done: EasyCalculation 1-6
2026-08-19 16:31:51,875 INFO o.a.j.t.JMeterThread: Thread finished: EasyCalculation 1-6
2026-08-19 16:31:53,141 INFO o.a.j.t.JMeterThread: Thread is done: EasyCalculation 1-8
2026-08-19 16:31:53,141 INFO o.a.j.t.JMeterThread: Thread finished: EasyCalculation 1-8
2026-08-19 16:31:53,410 INFO o.a.j.t.JMeterThread: Thread is done: EasyCalculation 1-3
2026-08-19 16:31:53,410 INFO o.a.j.t.JMeterThread: Thread finished: EasyCalculation 1-3
2026-08-19 16:31:53,559 INFO o.a.j.t.JMeterThread: Thread is done: EasyCalculation 1-9
2026-08-19 16:31:53,559 INFO o.a.j.t.JMeterThread: Thread finished: EasyCalculation 1-9
2026-08-19 16:31:54,978 INFO o.a.j.t.JMeterThread: Thread is done: EasyCalculation 1-5
2026-08-19 16:31:54,978 INFO o.a.j.t.JMeterThread: Thread finished: EasyCalculation 1-5
2026-08-19 16:31:55,292 INFO o.a.j.t.JMeterThread: Thread is done: EasyCalculation 1-7
2026-08-19 16:31:55,292 INFO o.a.j.t.JMeterThread: Thread finished: EasyCalculation 1-7
2026-08-19 16:31:56,299 INFO o.a.j.t.JMeterThread: Thread is done: EasyCalculation 1-2
2026-08-19 16:31:56,299 INFO o.a.j.t.JMeterThread: Thread finished: EasyCalculation 1-2
2026-08-19 16:31:56,395 INFO o.a.j.t.JMeterThread: Thread is done: EasyCalculation 1-10
2026-08-19 16:31:56,396 INFO o.a.j.t.JMeterThread: Thread finished: EasyCalculation 1-10
2026-08-19 16:31:56,397 INFO o.a.j.e.StandardJMeterEngine: Notifying test listeners of end of test
2026-08-19 16:31:56,399 INFO o.a.j.r.Summariser: summary +    226 in 00:00:26 =    8.6/s Avg:  1078 Min:   489 Max:  2789 Err:     0 (0.00%) Active: 0 Started: 10 Finished: 10
2026-08-19 16:31:56,400 INFO o.a.j.r.Summariser: summary =    250 in 00:00:32 =    7.7/s Avg:  1159 Min:   489 Max:  3446 Err:     0 (0.00%)
